Table V multi_source N=1000 recurrent_ppo: sim 13.2 | paper 12.7
Table V multi_source N=1000 pfsa_L1: sim 16.8 | paper 19.3
Table V multi_source N=1000 pfsa_L8: sim 12.7 | paper 12.9
Table V multi_source N=1000 pfsa_L32: sim 14.0 | paper 14.5
Table V multi_source N=7500 recurrent_ppo: sim 80.1 | paper 80.1
Table V multi_source N=7500 pfsa_L1: sim 117.5 | paper 140.4
Table V multi_source N=7500 pfsa_L8: sim 82.7 | paper 85.0
Table V multi_source N=7500 pfsa_L32: sim 81.8 | paper 82.9
Table V multi_source N=15000 recurrent_ppo: sim 156.8 | paper 158.7
Table V multi_source N=15000 pfsa_L1: sim 234.6 | paper 283.8
Table V multi_source N=15000 pfsa_L8: sim 162.9 | paper 167.7
Table V multi_source N=15000 pfsa_L32: sim 159.4 | paper 166.2
Table V single_source N=1000 recurrent_ppo: sim 209.5 | paper 172.4
Table V single_source N=1000 pfsa_L1: sim 205.7 | paper 175.2
Table V single_source N=1000 pfsa_L8: sim 210.5 | paper 184.2
Table V single_source N=1000 pfsa_L32: sim 278.2 | paper 283.1
Table V single_source N=7500 recurrent_ppo: sim 355.6 | paper 315.2
Table V single_source N=7500 pfsa_L1: sim 320.8 | paper 313.7
Table V single_source N=7500 pfsa_L8: sim 333.6 | paper 326.0
Table V single_source N=7500 pfsa_L32: sim 455.9 | paper 448.2
Table V single_source N=15000 recurrent_ppo: sim 560.4 | paper 387.0
Table V single_source N=15000 pfsa_L1: sim 411.6 | paper 402.6
Table V single_source N=15000 pfsa_L8: sim 412.6 | paper 407.5
Table V single_source N=15000 pfsa_L32: sim 596.1 | paper 590.0
Table VI alpha=0.0 multi_source: time 169.5 RE 26.3% | paper 159.3 / 41.4%
Table VI alpha=0.0 single_source: time 569.6 RE 3.9% | paper 918.8 / 0.7%
Table VI alpha=0.25 multi_source: time 158.2 RE 41.1% | paper 159.0 / 44.1%
Table VI alpha=0.25 single_source: time 583.5 RE 2.5% | paper 395.7 / 3.8%
Table VI alpha=0.5 multi_source: time 156.8 RE 44.5% | paper 158.7 / 44.3%
Table VI alpha=0.5 single_source: time 560.4 RE 4.0% | paper 387.0 / 5.4%
Table VI alpha=0.75 multi_source: time 162.0 RE 33.9% | paper 160.4 / 36.1%
Table VI alpha=0.75 single_source: time 581.4 RE 3.7% | paper 1058.3 / 0.7%
note: RL alpha=0.0 checkpoint has 20480 of 1,000,000 paper steps; RL numbers are not a paper reproduction
note: RL alpha=0.25 checkpoint has 20480 of 1,000,000 paper steps; RL numbers are not a paper reproduction
note: RL alpha=0.5 checkpoint has 20480 of 1,000,000 paper steps; RL numbers are not a paper reproduction
note: RL alpha=0.75 checkpoint has 20480 of 1,000,000 paper steps; RL numbers are not a paper reproduction
wrote /home/kali/Documents/Code/3GPP-Ambient-IoT-Inventory/Implements/results/aperiodic_paging/tables/tables.json
