figure6 a_L16 aperiodic: 100 episodes in 3.2s, T99=155.4
figure6 a_L16 periodic_Ng1: 100 episodes in 7.8s, T99=168.0
figure6 a_L16 periodic_Ng4: 100 episodes in 7.6s, T99=462.8
figure6 b_L1 aperiodic: 100 episodes in 34.1s, T99=230.2
figure6 b_L1 periodic_Ng1: 100 episodes in 71.0s, T99=419.4
figure6 b_L1 periodic_Ng4: 100 episodes in 103.1s, T99=749.2

figure6 a_L16 (L=16), 100 episodes
  aperiodic                   sim T50=78.6 T90=141.4 T99=155.4 | paper T50=79.9 T90=143.3 T99=157.6 | MAE=0.71 RMSE=0.83
  periodic_Ng1                sim T50=85.0 T90=152.2 T99=168.0 | paper T50=83.8 T90=150.9 T99=166.7 | MAE=0.19 RMSE=0.36
  periodic_Ng4                sim T50=149.5 T90=400.8 T99=462.8 | paper T50=146.9 T90=398.5 T99=460.5 | MAE=0.31 RMSE=0.45
  validation: {'t99_reduction_vs_periodic_Ng4_pct': 66.41572524947301, 'aperiodic_midround_depletion_mean': 0.0, 't99_order': ['aperiodic', 'periodic_Ng1', 'periodic_Ng4']}

figure6 b_L1 (L=1), 100 episodes
  aperiodic                   sim T50=113.1 T90=208.6 T99=230.2 | paper T50=135.8 T90=249.5 T99=274.6 | MAE=8.13 RMSE=9.35
  periodic_Ng1                sim T50=200.2 T90=382.9 T99=419.4 | paper T50=180.2 T90=331.2 T99=365.0 | MAE=3.25 RMSE=5.19
  periodic_Ng4                sim T50=265.6 T90=624.7 T99=749.2 | paper T50=220.5 T90=604.7 T99=717.6 | MAE=3.95 RMSE=4.80
  validation: {'t99_reduction_vs_periodic_Ng4_pct': 69.26954594014425, 'aperiodic_midround_depletion_mean': 0.0, 't99_order': ['aperiodic', 'periodic_Ng1', 'periodic_Ng4']}
wrote /home/kali/Documents/Code/3GPP-Ambient-IoT-Inventory/Implements/results/aperiodic_paging/figure6/figure6.json
wrote /home/kali/Documents/Code/3GPP-Ambient-IoT-Inventory/Implements/results/aperiodic_paging/figure6/figure6_a_L16.csv
wrote /home/kali/Documents/Code/3GPP-Ambient-IoT-Inventory/Implements/results/aperiodic_paging/figure6/figure6_b_L1.csv
wrote /home/kali/Documents/Code/3GPP-Ambient-IoT-Inventory/Implements/results/aperiodic_paging/figure6/figure6.png
